dt-c16028149db347a3bce3537914f183b9-worker-31582ee36e0c-6:80:80 [3] NCCL INFO cudaDriverVersion 12020
dt-c16028149db347a3bce3537914f183b9-worker-31582ee36e0c-6:80:80 [3] NCCL INFO Bootstrap : Using eth0:10.222.21.33<0>
dt-c16028149db347a3bce3537914f183b9-worker-31582ee36e0c-6:80:80 [3] NCCL INFO NET/Plugin : dlerror=libnccl-net.so: cannot open shared object file: No such file or directory No plugin found (libnccl-net.so), using internal implementation
dt-c16028149db347a3bce3537914f183b9-worker-31582ee36e0c-6:77:661 [0] NCCL INFO NCCL_IB_DISABLE set by environment to 0.

dt-c16028149db347a3bce3537914f183b9-worker-31582ee36e0c-6:77:661 [0] misc/ibvwrap.cc:113 NCCL WARN Call to ibv_open_device failed

dt-c16028149db347a3bce3537914f183b9-worker-31582ee36e0c-6:77:661 [0] transport/net_ib.cc:219 NCCL WARN NET/IB : Unable to open device mlx5_bond_0
dt-c16028149db347a3bce3537914f183b9-worker-31582ee36e0c-6:77:661 [0] NCCL INFO NET/IB : Using [0]mlx5_2:1/IB [1]mlx5_0:1/IB [2]mlx5_9:1/IB [3]mlx5_7:1/IB [4]mlx5_3:1/IB [5]mlx5_1:1/IB [6]mlx5_8:1/IB [7]mlx5_6:1/IB ; OOB eth0:10.222.21.33<0>
dt-c16028149db347a3bce3537914f183b9-worker-31582ee36e0c-6:77:661 [0] NCCL INFO Using non-device net plugin version 0
dt-c16028149db347a3bce3537914f183b9-worker-31582ee36e0c-6:77:661 [0] NCCL INFO Using network IB
dt-c16028149db347a3bce3537914f183b9-worker-31582ee36e0c-6:78:656 [1] NCCL INFO comm 0x5636647b1730 rank 57 nranks 64 cudaDev 1 nvmlDev 1 busId 16000 commId 0x163c89bb2bec4c20 - Init START
dt-c16028149db347a3bce3537914f183b9-worker-31582ee36e0c-6:83:659 [6] NCCL INFO NCCL_PXN_DISABLE set by environment to 1.
dt-c16028149db347a3bce3537914f183b9-worker-31582ee36e0c-6:83:659 [6] NCCL INFO Setting affinity for GPU 6 to ffff,fff00000,00ffffff,f0000000
dt-c16028149db347a3bce3537914f183b9-worker-31582ee36e0c-6:83:659 [6] NCCL INFO NVLS multicast support is not available ondt-c16028149db347a3bce3537914f183b9-worker-31582ee36e0c-6:80:660 [3] NCCL INFO comm 0x55f8247f4150 rank 59 nRanks 64 nNodes 8 localRanks 8 localRank 3 MNNVL 0
dt-c16028149db347a3bce3537914f183b9-worker-31582ee36e0c-6:80:660 [3] NCCL INFO Trees [0] 60/-1/-1->59->58 [1] 58/-1/-1->59->60 [2] 60/-1/-1->59->58 [3] 58/-1/-1->59->51 [4] -1/-1/-1->59->58 [5] 58/-1/-1->59->60 [6] 60/-1/-1->59->58 [7] 58/-1/-1->59->60 [8] 60/-1/-1->59->58 [9] 58/-1/-1->59->60 [10] 60/-1/-1->59->58 [11] 58/27/-1->59->-1 [12] -1/-1/-1->59->58 [13] 58/-1/-1->59->60 [14] 60/-1/-1->59->58 [15] 58/-1/-1->59->60
dt-c16028149db347a3bce3537914f183b9-worker-31582ee36e0c-6:80:660 [3] NCCL INFO P2P Chunksize set to 131072
dt-c160dt-c16028149db347a3bce3537914f183b9-worker-31582ee36e0c-6:84:654 [7] NCCL INFO Channel 06/0 : 63[7] -> 6[6] [send] via NET/IB/6/GDRDMA
dt-c16028149db347a3bce3537914f183b9-worker-31582ee36e0c-6:84:654 [7] NCCL INFO Channel 14/0 : 63[7] -> 6[6] [send] via NET/IB/6/GDRDMA
dt-c16028149db347a3bce3537914f183b9-worker-31582ee36e0c-6:84:654 [7] NCCL INFO Channel 07/0 : 54[6] -> 63[7] [receive] via NET/IB/2/GDRDMA
dt-c16028149db347a3bce3537914f183b9-worker-31582ee36e0c-6:84:654 [7] NCCL INFO Channel 15/0 : 54[6] -> 63[7] [receive] via NET/IB/2/GDRDMA
dt-c16028149db347a3bce3537914f183b9-worker-31582ee36e0c-6:84:654 [7] NCCL INFO Channel 01/0 : 63[7] -> 56[0] via P2P/CUMEM/read
dt-c16028149db347a3bce3537914f183b9-worker-31582ee36e0c-6:84:654 [7] NCCL INFO Channel 03/0 : 63[7] -> 56[0] via P2P/CUMEM/read
dt-c16028149db347a3bce3537914f183b9-worker-31582ee36e0c-6:84:654 [7] NCCL INFO Channel 05/0 : 63[7] -> 56[0] via P2P/CUMEM/read
dt-c16028149db347a3bce3537914f183b9-worker-31582ee36e0c-6:84:654 [7] NCCL INFO Channel 07/0 : 63[7] -> 56[0] via Pdt-c16028149dbdt-c16028149db347a3bce3537914f183b9-worker-31582ee36e0c-6:84:654 [7] NCCL INFO Channel 09/0 : 63[7] -> 56[0] via P2P/CUMEM/read
dt-c16028149db347a3bce3537914f183b9-worker-31582ee36e0c-6:84:654 [7] NCCL INFO Channel 11/0 : 63[7] -> 56[0] via P2P/CUMEM/read
dt-c16028149db347a3bce3537914f183b9-worker-31582ee36e0c-6:83:659 [6] NCCL INFO Channel 00/0 : 62[6] -> 61[5] via P2P/CUMEM/read
dt-c16028149db347a3bce3537914f183b9-worker-31582ee36e0c-6:83:659 [6] NCCL INFO Channel 02/0 : 62[6] -> 61[5] via P2P/CUMEdt-c16028149db347a3bce3537914f183b9-worker-31582ee36e0c-6:78:656 [1] NCCL INFO Channel 02/0 : 57[1] -> 56[0] via P2P/CUMEM/read
dt-c16028149db347a3bce3537914f183b9-worker-31582ee36e0c-6:78:656 [1] NCCL INFO Channel 04/0 : 57[1] -> 56[0] via P2P/CUMEM/read
dt-c16028149db347a3bce3537914f183b9-worker-31582ee36e0c-6:78:656 [1] NCCL INFO Channel 06/0 : 57[1] -> 56[0] via P2P/CUMEM/read
dt-c16028149db347a3bce3537914f183b9-worker-31582ee36e0c-6:78:656 [1] NCCL INFO Channel 10/0 : 57[1] -> 56[0] via P2P/CUMEM/read
dt-c16028149db347a3bce3537914f183b9-worker-31582ee36e0c-6:78:656 [1] NCCL INFO Channel 12/0 : 57[1] -> 56[0] via P2P/CUMEM/read
dt-c16028149db347a3bce3537914f183b9-worker-31582ee36e0c-6:78:656 [1] NCCL INFO Channel 14/0 : 57[1] -> 56[0] via P2P/CUMEM/read
dt-c160dt-c16028149db347a3bce3537914f183b9-worker-31582ee36e0c-6:83:728 [6] NCCL INFO NCCL_IB_GID_INDEX set by environment to 3.
dt-c16028149db347a3bce3537914f183b9-worker-31582ee36e0c-6:83:728 [6] NCCL INFO NCCL_IB_TIMEOUT set by environment to 22.
ddt-c16028149db347a3bce3537914f183b9-worker-31582ee36e0c-6:84:726 [7] NCCL INFO NCCL_IB_GID_INDEX set by environmentdt-c160dt-c16028149db347a3bce3537914f183b9-worker-31582ee36e0c-6:81:658 [4] NCCL INFO Connected alldt-c160dt-c16028149db347a3bce3537914f183b9-worker-31582ee36e0c-6:84:654 [7] NCCL INFO Channel 07/0 : 55[7] -> 63[7] [receive] via NET/IB/2/GDRDMA
dt-c16028149db347a3bce3537914f183b9-worker-31582ee36e0c-6:84:654 [7] NCCL INFO Channel 15/0 : 31[7] -> 63[7] [receive] via NET/IB/2/GDRDMA
dt-c16028149db347a3bce3537914f183b9-worker-31582ee36e0c-6:84:654 [7] NCCL INFO Channel 15/0 : 63[7] -> 31[7] [send] via NET/IB/2/GDRDMA
dt-c16028149db347a3bce3537914f183b9-worker-31582ee36e0c-6:84:654 [7] NCCL INFO Channel 07/0 : 63[7] -> 55[7] [send] via NET/IB/2/GDRDMA
dt-c16028149db347a3bce3537914f183b9-worker-31582ee36e0c-6:84:654 [7] NCCL INFO Channel 02/0 : 63[7] -> 56[0] via P2P/CUMEM/read
dt-c16028149db347a3bce3537914f183b9-worker-31582ee36e0c-6:84:654 [7] NCCL INFO Channel 04/0 : 63[7] -> 56[0] via P2P/CUMEM/read
dt-c16028149db347a3bce3537914f183b9-worker-31582ee36e0c-6:84:654 [7] NCCL INFO Channel 06/0 : 63[7] -> 56[0] via P2P/CUMEM/read
dt-c16028149db347a3bce3537914f183b9-worker-31582ee36e0c-6:84:654 [7] NCCL INFO Channel 10/0 : 63[7] -> 56[0] via P2P/CUMEM/read
dt-c16028149db347a3bce3537914f183b9-worker-31582ee36e0c-6:84:654 [7] NCCL INFO Channel 12/0 : 63[7] -> 56[0] via P2P/CUMEM/read
dt-c16028149db347a3bce3537914f183b9-worker-31582ee36e0c-6:84:654 [7] NCCL INFO Channel 14/0 : 63[7] -> 56[0] via P2P/CUMEM/read
dt-c16028149db347a3bce3537914f183b9-worker-31582ee36e0c-6:84:654 [7] NCCL INFO Channel 01/0 : 63[7] -> 62[6] via P2P/CUMEM/read
dt-c16028149db347a3bce3537914f183b9-worker-31582ee36e0c-6:84:654 [7] NCCL INFO Channel 03/0 : 63[7] -> 62[6] via P2P/CUMEM/read
dt-c16028149db347a3bce3537914f183b9-worker-31582ee36e0c-6:84:654 [7] NCCL INFO Channel 05/0 : 63[7] -> 62[6] via P2P/CUMEM/read
dt-c16028149db347a3bce3537914f183b9-worker-31582ee36e0c-6:84:654 [7] NCCL INFO Channel 06/0 : 63[7] -> 62[6] via P2P/CUMEM/read
dt-c16028149db347a3bce3537914f183b9-worker-31582ee36e0c-6:84:654 [7] NCCL INFO Channel 07/0 : 63[7] -> 62[6] via P2P/CUMEM/read
dt-c16028149db347a3bce3537914f183b9-worker-31582ee36e0c-6:84:654 [7] NCCL INFO Channel 09/0 : 63[7] -> 62[6] via P2P/CUMEM/read
dt-c16028149db347a3bce3537914f183b9-worker-31582ee36e0c-6:84:654 [7] NCCL INFO Channel 11/0 : 63[7] -> 62[6] via P2P/CUMEM/read
dt-c16028149db347a3bce3537914f183b9-worker-31582ee36e0c-6:84:654 [7] NCCL INFO Channel 13/0 : 63[7] -> 62[6] via P2P/CUMEM/read
dt-c16028149db347a3bce3537914f183b9-worker-31582ee36e0c-6:84:654 [7] NCCL INFO Channel 14/0 : 63[7] -> 62[6] via P2P/CUMEM/read
dt-c16028149db347a3bce3537914f183b9-worker-31582ee36e0c-6:84:654 [7] NCCL INFO Channel 15/0 : 63[7] -> 62[6] via P2P/CUMEdt-c16028149db347a3bce3537914f183b9-worker-31582ee36e0c-6:77:661 [0] NCCL INFO Connected all trees
dt-c16028149db347a3bce3537914f183b9-worker-31582ee36e0c-6:77:661 [0] NCCL INFO threadThresholds 8/8/64 | 512/8/64 | 512 | 512
dt-c16028149db347a3bce3537914f183b9-worker-31582ee36e0c-6:77:661 [0] NCCL INFO 16 coll channels, 0 collnet channels, 0 nvls channels, 16 p2p channels, 1 p2p channels per peer
dt-c16028149db347a3bce3537914f183b9-worker-31582ee36e0c-6:79:655 [2] NCCL INFO comm 0x55ce5b271d90 rank 58 nranks 64 cudaDev 2 nvmlDev 2 busId 2a000 commId 0x163c89bb2bec4c20 - Init COMPLETE
dt-c160dt-c16028149db347a3bce3537914f183b9-worker-31582ee36e0c-6:84:84 [7] NCCL INFO Rank 63 has color with NCCL_SPLIT_NOCOLOR, not creating a new commundt-c160dt-c16028149db347a3bce3537914f183b9-worker-31582ee36e0c-6:84:84 [7] NCCL INFO Rank 63 has color with NCCL_SPLIT_NOCOLOR, not creating a new commundt-c160dt-c16028149db347a3bce3537914f183b9-worker-31582ee36e0c-6:81:81 [4] NCCL INFO Rank 60 has color with NCCL_SPLIT_NOCOLOR, not creating a new commundt-c160dt-c16028149db347a3bce3537914f183b9-worker-31582ee36e0c-6:83:83 [6] NCCL INFO Rank 62 has color with NCCL_SPLIT_NOCOLOR, not creating a new commundt-c160dt-c16028149db347a3bce3537914f183b9-worker-31582ee36e0c-6:83:83 [6] NCCL INFO Rank 62 has color with NCCL_SPLIT_NOCOLOR, not creating a new commundt-c16028149db347a3bce3537914f183b9-worker-31582ee36e0c-6:77:77 [0] NCCL INFO Rank 56 has color with NCCL_SPLIT_NOCOLOR, not creating a new communicator
dt-c160dt-c16028149db347a3bce3537914f183b9-worker-31582ee36e0c-6:84:84 [7] NCCL INFO Rank 63 has color with NCCL_SPLIT_NOCOLOR, not creating a new commundt-c16028149db347a3bce3537914f183b9-worker-31582ee36e0c-6:77:77 [0] NCCL INFO Rank 56 has color with NCCL_SPLIT_NOCOLOR, not creating a new communicator
dt-c16028149db347a3bce3537914f183b9-worker-31582ee36e0c-6:78:78 [1] NCCL INFO Rank 57 has color with NCCL_SPLIT_NOCOLOR, not creating a new communicator
dt-c160dt-c16028149db347a3bce3537914f183b9-worker-31582ee36e0c-6:81:81 [4] NCCL INFO Rank 60 has color with NCCL_SPLIT_NOCOLOR, not creating a new commundt-c16028149db347a3bce3537914f183b9-worker-31582ee36e0c-6:79:79 [2] NCCL INFO Rank 58 has color with NCCL_SPLIT_NOCOLOR, not creating a new communicator
dt-c160dt-c16028149db347a3bce3537914f183b9-worker-31582ee36e0c-6:81:81 [4] NCCL INFO Rank 60 has color with NCCL_SPLIT_NOCOLOR, not creating a new commundt-c16028149db347a3bce3537914f183b9-worker-31582ee36e0c-6:80:80 [3] NCCL INFO Rank 59 has color with NCCL_SPLIT_NOCOLOR, not creating a new communicator
dt-c160dt-c16028149db347a3bce3537914f183b9-worker-31582ee36e0c-6:81:81 [4] NCCL INFO Rank 60 has color with NCCL_SPLIT_NOCOLOR, not creating a new commundt-c160dt-c16028149db347a3bce3537914f183b9-worker-31582ee36e0c-6:81:81 [4] NCCL INFO Rank 60 has color with NCCL_SPLIT_NOCOLOR, not creating a new commundt-c160dt-c16028149db347a3bce3537914f183b9-worker-31582ee36e0c-6:81:81 [4] NCCL INFO Rank 60 has color with NCCL_SPLIT_NOCOLOR, not creating a new commundt-c160dt-c16028149db347a3bce3537914f183b9-worker-31582ee36e0c-6:81:81 [4] NCCL INFO Rank 60 has color with NCCL_SPLIT_NOCOLOR, not creating a new commundt-c160dt-c16028149db347a3bce3537914f183b9-worker-31582ee36e0c-6:81:81 [4] NCCL INFO Rank 60 has color with NCCL_SPLIT_NOCOLOR, not creating a new commundt-c160dt-c16028149db347a3bce3537914f183b9-worker-31582ee36e0c-6:81:81 [4] NCCL INFO Rank 60 has color with NCCL_SPLIT_NOCOLOR, not creating a new commundt-c160dt-c16028149db347a3bce3537914f183b9-worker-31582ee36e0c-6:81:81 [4] NCCL INFO Rank 60 has color with NCCL_SPLIT_NOCOLOR, not creating a new commundt-c16028149db347a3bce3537914f183b9-worker-31582ee36e0c-6:78:78 [1] NCCL INFO Rank 57 has color with NCCL_SPLIT_NOCOLOR, not creating a new communicator
dt-c16028149db347a3bce3537914f183b9-worker-31582ee36e0c-6:78:78 [1] NCCL INFO Rank 57 has color with NCCL_SPLIT_NOCOLOR, not creating a new communicator
dt-c160dt-c16028149db347a3bce3537914f183b9-worker-31582ee36e0c-6:81:81 [4] NCCL INFO Rank 60 has color with NCCL_SPLIT_NOCOLOR, not creating a new commundt-c16028149db347a3bce3537914f183b9-worker-31582ee36e0c-6:80:80 [3] NCCL INFO Rank 59 has color with NCCL_SPLIT_NOCOLOR, not creating a new communicator
dt-c16028149db347a3bce3537914f183b9-worker-31582ee36e0c-6:78:78 [1] NCCL INFO Rank 57 has color with NCCL_SPLIT_NOCOLOR, not creating a new communicator
dt-c16028149db347a3bce3537914f183b9-worker-31582ee36e0c-6:78:78 [1] NCCL INFO Rank 57 has color with NCCL_SPLIT_NOCOLOR, not creating a new communicator
dt-c160dt-c16028149db347a3bce3537914f183b9-worker-31582ee36e0c-6:81:81 [4] NCCL INFO Rank 60 has color with NCCL_SPLIT_NOCOLOR, not creating a new commundt-c160dt-c16028149db347a3bce3537914f183b9-worker-31582ee36e0c-6:84:84 [7] NCCL INFO Rank 63 has color with NCCL_SPLIT_NOCOLOR, not creating a new commundt-c16028149db347a3bce3537914f183b9-worker-31582ee36e0c-6:78:78 [1] NCCL INFO Rank 57 has color with NCCL_SPLIT_NOCOLOR, not creating a new communicator
dt-c160dt-c16028149db347a3bce3537914f183b9-worker-31582ee36e0c-6:81:81 [4] NCCL INFO Rank 60 has color with NCCL_SPLIT_NOCOLOR, not creating a new commundt-c160dt-c16028149db347a3bce3537914f183b9-worker-31582ee36e0c-6:84:84 [7] NCCL INFO Rank 63 has color with NCCL_SPLIT_NOCOLOR, not creating a new commundt-c16028149db347a3bce3537914f183b9-worker-31582ee36e0c-6:78:78 [1] NCCL INFO Rank 57 has color with NCCL_SPLIT_NOCOLOR, not creating a new communicator
dt-c160dt-c16028149db347a3bce3537914f183b9-worker-31582ee36e0c-6:84:84 [7] NCCL INFO Rank 63 has color with NCCL_SPLIT_NOCOLOR, not creating a new commundt-c160dt-c16028149db347a3bce3537914f183b9-worker-31582ee36e0c-6:84:84 [7] NCCL INFO Rank 63 has color with NCCL_SPLIT_NOCOLOR, not creating a new commundt-c16028149db347a3bce3537914f183b9-worker-31582ee36e0c-6:78:78 [1] NCCL INFO Rank 57 has color with NCCL_SPLIT_NOCOLOR, not creating a new communicator
dt-c16028149db347a3bce3537914f183b9-worker-31582ee36e0c-6:78:78 [1] NCCL INFO Rank 57 has color with NCCL_SPLIT_NOCOLOR, not creating a new communicator
dt-c16028149db347a3bce3537914f183b9-worker-31582ee36e0c-6:80:80 [3] NCCL INFO Rank 59 has color with NCCL_SPLIT_NOCOLOR, not creating a new communicator
dt-c160dt-c16028149db347a3bce3537914f183b9-worker-31582ee36e0c-6:84:84 [7] NCCL INFO Rank 63 has color with NCCL_SPLIT_NOCOLOR, not creating a new commundt-c16028149db347a3bce3537914f183b9-worker-31582ee36e0c-6:80:80 [3] NCCL INFO Rank 59 has color with NCCL_SPLIT_NOCOLOR, not creating a new communicator
dt-c16028149db347a3bce3537914f183b9-worker-31582ee36e0c-6:79:79 [2] NCCL INFO Rank 58 has color with NCCL_SPLIT_NOCOLOR, not creating a new communicator
dt-c160dt-c16028149db347a3bce3537914f183b9-worker-31582ee36e0c-6:84:84 [7] NCCL INFO Rank 63 has color with NCCL_SPLIT_NOCOLOR, not creating a new commundt-c160dt-c16028149db347a3bce3537914f183b9-worker-31582ee36e0c-6:84:84 [7] NCCL INFO Rank 63 has color with NCCL_SPLIT_NOCOLOR, not creating a new commundt-c160dt-c16028149db347a3bce3537914f183b9-worker-31582ee36e0c-6:82:82 [5] NCCL INFO Rank 61 has color with NCCL_SPLIT_NOCOLOR, not creating a new commundt-c16028149db347a3bce3537914f183b9-worker-31582ee36e0c-6:77:77 [0] NCCL INFO Rank 56 has color with NCCL_SPLIT_NOCOLOR, not creating a new communicator
dt-c160dt-c16028149db347a3bce3537914f183b9-worker-31582ee36e0c-6:84:84 [7] NCCL INFO Rank 63 has color with NCCL_SPLIT_NOCOLOR, not creating a new commundt-c160dt-c16028149db347a3bce3537914f183b9-worker-31582ee36e0c-6:84:84 [7] NCCL INFO Rank 63 has color with NCCL_SPLIT_NOCOLOR, not creating a new commundt-c16028149db347a3bce3537914f183b9-worker-31582ee36e0c-6:80:80 [3] NCCL INFO Rank 59 has color with NCCL_SPLIT_NOCOLOR, not creating a new communicator
dt-c160dt-c16028149db347a3bce3537914f183b9-worker-31582ee36e0c-6:81:81 [4] NCCL INFO Rank 60 has color with NCCL_SPLIT_NOCOLOR, not creating a new commundt-c16028149db347a3bce3537914f183b9-worker-31582ee36e0c-6:80:80 [3] NCCL INFO Rank 59 has color with NCCL_SPLIT_NOCOLOR, not creating a new communicator
dt-c160dt-c16028149db347a3bce3537914f183b9-worker-31582ee36e0c-6:81:81 [4] NCCL INFO Rank 60 has color with NCCL_SPLIT_NOCOLOR, not creating a new commundt-c160dt-c16028149db347a3bce3537914f183b9-worker-31582ee36e0c-6:84:84 [7] NCCL INFO Rank 63 has color with NCCL_SPLIT_NOCOLOR, not creating a new commundt-c16028149db347a3bce3537914f183b9-worker-31582ee36e0c-6:77:77 [0] NCCL INFO Rank 56 has color with NCCL_SPLIT_NOCOLOR, not creating a new communicator
dt-c160dt-c16028149db347a3bce3537914f183b9-worker-31582ee36e0c-6:84:84 [7] NCCL INFO Rank 63 has color with NCCL_SPLIT_NOCOLOR, not creating a new commundt-c160dt-c16028149db347a3bce3537914f183b9-worker-31582ee36e0c-6:82:82 [5] NCCL INFO Rank 61 has color with NCCL_SPLIT_NOCOLOR, not creating a new commundt-c160dt-c16028149db347a3bce3537914f183b9-worker-31582ee36e0c-6:84:84 [7] NCCL INFO Rank 63 has color with NCCL_SPLIT_NOCOLOR, not creating a new commundt-c160dt-c16028149db347a3bce3537914f183b9-worker-31582ee36e0c-6:84:84 [7] NCCL INFO Rank 63 has color with NCCL_SPLIT_NOCOLOR, not creating a new commundt-c16028149db347a3bce3537914f183b9-worker-31582ee36e0c-6:77:77 [0] NCCL INFO Rank 56 has color with NCCL_SPLIT_NOCOLOR, not creating a new communicator
dt-c16028149db347a3bce3537914f183b9-worker-31582ee36e0c-6:78:78 [1] NCCL INFO Rank 57 has color with NCCL_SPLIT_NOCOLOR, not creating a new communicator
dt-c16028149db347a3bce3537914f183b9-worker-31582ee36e0c-6:79:79 [2] NCCL INFO Rank 58 has color with NCCL_SPLIT_NOCOLOR, not creating a new communicator
dt-c16028149db347a3bce3537914f183b9-worker-31582ee36e0c-6:80:80 [3] NCCL INFO Rank 59 has color with NCCL_SPLIT_NOCOLOR, not creating a new communicator
dt-c160dt-c16028149db347a3bce3537914f183b9-worker-31582ee36e0c-6:81:81 [4] NCCL INFO Rank 60 has color with NCCL_SPLIT_NOCOLOR, not creating a new commundt-c160dt-c16028149db347a3bce3537914f183b9-worker-31582ee36e0c-6:82:82 [5] NCCL INFO Rank 61 has color with NCCL_SPLIT_NOCOLOR, not creating a new commundt-c160dt-c16028149db347a3bce3537914f183b9-worker-31582ee36e0c-6:83:83 [6] NCCL INFO Rank 62 has color with NCCL_SPLIT_NOCOLOR, not creating a new commundt-c160dt-c16028149db347a3bce3537914f183b9-worker-31582ee36e0c-6:84:84 [7] NCCL INFO Rank 63 has color with NCCL_SPLIT_NOCOLOR, not creating a new commundt-c16028149db347a3bce3537914f183b9-worker-31582ee36e0c-6:78:78 [1] NCCL INFO Rank 57 has color with NCCL_SPLIT_NOCOLOR, not creating a new communicator
dt-c160dt-c16028149db347a3bce3537914f183b9-worker-31582ee36e0c-6:84:84 [7] NCCL INFO Rank 63 has color with NCCL_SPLIT_NOCOLOR, not creating a new commundt-c16028149db347a3bce3537914f183b9-worker-31582ee36e0c-6:79:79 [2] NCCL INFO Rank 58 has color with NCCL_SPLIT_NOCOLOR, not creating a new communicator
dt-c160dt-c16028149db347a3bce3537914f183b9-worker-31582ee36e0c-6:84:84 [7] NCCL INFO Rank 63 has color with NCCL_SPLIT_NOCOLOR, not creating a new commundt-c16028149db347a3bce3537914f183b9-worker-31582ee36e0c-6:78:78 [1] NCCL INFO Rank 57 has color with NCCL_SPLIT_NOCOLOR, not creating a new communicator
dt-c16028149db347a3bce3537914f183b9-worker-31582ee36e0c-6:78:78 [1] NCCL INFO Rank 57 has color with NCCL_SPLIT_NOCOLOR, not creating a new communicator
dt-c160dt-c16028149db347a3bce3537914f183b9-worker-31582ee36e0c-6:84:84 [7] NCCL INFO Rank 63 has color with NCCL_SPLIT_NOCOLOR, not creating a new commundt-c16028149db347a3bce3537914f183b9-worker-31582ee36e0c-6:79:79 [2] NCCL INFO Rank 58 has color with NCCL_SPLIT_NOCOLOR, not creating a new communicator
dt-c160dt-c16028149db347a3bce3537914f183b9-worker-31582ee36e0c-6:81:81 [4] NCCL INFO Rank 60 has color with NCCL_SPLIT_NOCOLOR, not creating a new commundt-c16028149db347a3bce3537914f183b9-worker-31582ee36e0c-6:77:77 [0] NCCL INFO Rank 56 has color with NCCL_SPLIT_NOCOLOR, not creating a new communicator
dt-c160dt-c16028149db347a3bce3537914f183b9-worker-31582ee36e0c-6:81:81 [4] NCCL INFO Rank 60 has color with NCCL_SPLIT_NOCOLOR, not creating a new commundt-c160dt-c16028149db347a3bce3537914f183b9-worker-31582ee36e0c-6:84:84 [7] NCCL INFO Rank 63 has color with NCCL_SPLIT_NOCOLOR, not creating a new commundt-c160dt-c16028149db347a3bce3537914f183b9-worker-31582ee36e0c-6:84:84 [7] NCCL INFO Rank 63 has color with NCCL_SPLIT_NOCOLOR, not creating a new commundt-c16028149db347a3bce3537914f183b9-worker-31582ee36e0c-6:79:79 [2] NCCL INFO Rank 58 has color with NCCL_SPLIT_NOCOLOR, not creating a new communicator
dt-c160dt-c16028149db347a3bce3537914f183b9-worker-31582ee36e0c-6:83:83 [6] NCCL INFO Rank 62 has color with NCCL_SPLIT_NOCOLOR, not creating a new commundt-c16028149db347a3bce3537914f183b9-worker-31582ee36e0c-6:77:77 [0] NCCL INFO Rank 56 has color with NCCL_SPLIT_NOCOLOR, not creating a new communicator
dt-c160dt-c16028149db347a3bce3537914f183b9-worker-31582ee36e0c-6:84:84 [7] NCCL INFO Rank 63 has color with NCCL_SPLIT_NOCOLOR, not creating a new commundt-c160dt-c16028149db347a3bce3537914f183b9-worker-31582ee36e0c-6:84:84 [7] NCCL INFO Rank 63 has color with NCCL_SPLIT_NOCOLOR, not creating a new commundt-c16028149db347a3bce3537914f183b9-worker-31582ee36e0c-6:77:77 [0] NCCL INFO Rank 56 has color with NCCL_SPLIT_NOCOLOR, not creating a new communicator
dt-c160dt-c16028149db347a3bce3537914f183b9-worker-31582ee36e0c-6:84:84 [7] NCCL INFO Rank 63 has color with NCCL_SPLIT_NOCOLOR, not creating a new commundt-c16028149db347a3bce3537914f183b9-worker-31582ee36e0c-6:77:77 [0] NCCL INFO Rank 56 has color with NCCL_SPLIT_NOCOLOR, not creating a new communicator
dt-c160dt-c16028149db347a3bce3537914f183b9-worker-31582ee36e0c-6:84:84 [7] NCCL INFO Rank 63 has color with NCCL_SPLIT_NOCOLOR, not creating a new commundt-c160dt-c16028149db347a3bce3537914f183b9-worker-31582ee36e0c-6:83:83 [6] NCCL INFO Rank 62 has color with NCCL_SPLIT_NOCOLOR, not creating a new commundt-c16028149db347a3bce3537914f183b9-worker-31582ee36e0c-6:80:80 [3] NCCL INFO Rank 59 has color with NCCL_SPLIT_NOCOLOR, not creating a new communicator
dt-c160dt-c16028149db347a3bce3537914f183b9-worker-31582ee36e0c-6:84:84 [7] NCCL INFO Rank 63 has color with NCCL_SPLIT_NOCOLOR, not creating a new commundt-c160dt-c16028149db347a3bce3537914f183b9-worker-31582ee36e0c-6:81:81 [4] NCCL INFO Rank 60 has color with NCCL_SPLIT_NOCOLOR, not creating a new commundt-c160dt-c16028149db347a3bce3537914f183b9-worker-31582ee36e0c-6:84:84 [7] NCCL INFO Rank 63 has color with NCCL_SPLIT_NOCOLOR, not creating a new commundt-c160dt-c16028149db347a3bce3537914f183b9-worker-31582ee36e0c-6:82:82 [5] NCCL INFO Rank 61 has color with NCCL_SPLIT_NOCOLOR, not creating a new commundt-c16028149db347a3bce3537914f183b9-worker-31582ee36e0c-6:78:78 [1] NCCL INFO Rank 57 has color with NCCL_SPLIT_NOCOLOR, not creating a new communicator
dt-c160dt-c16028149db347a3bce3537914f183b9-worker-31582ee36e0c-6:84:84 [7] NCCL INFO Rank 63 has color with NCCL_SPLIT_NOCOLOR, not creating a new commundt-c160dt-c16028149db347a3bce3537914f183b9-worker-31582ee36e0c-6:84:84 [7] NCCL INFO Rank 63 has color with NCCL_SPLIT_NOCOLOR, not creating a new commundt-c16028149db347a3bce3537914f183b9-worker-31582ee36e0c-6:77:77 [0] NCCL INFO Rank 56 has color with NCCL_SPLIT_NOCOLOR, not creating a new communicator
dt-c16028149db347a3bce3537914f183b9-worker-31582ee36e0c-6:77:77 [0] NCCL INFO Rank 56 has color with NCCL_SPLIT_NOCOLOR, not creating a new communicator
dt-c16028149db347a3bce3537914f183b9-worker-31582ee36e0c-6:77:77 [0] NCCL INFO Rank 56 has color with NCCL_SPLIT_NOCOLOR, not creating a new communicator
dt-c16028149db347a3bce3537914f183b9-worker-31582ee36e0c-6:80:80 [3] NCCL INFO Rank 59 has color with NCCL_SPLIT_NOCOLOR, not creating a new communicator
dt-c160dt-c16028149db347a3bce3537914f183b9-worker-31582ee36e0c-6:84:84 [7] NCCL INFO Rank 63 has color with NCCL_SPLIT_NOCOLOR, not creating a new commundt-c160dt-c16028149db347a3bce3537914f183b9-worker-31582ee36e0c-6:84:84 [7] NCCL INFO Rank 63 has color with NCCL_SPLIT_NOCOLOR, not creating a new commundt-c160dt-c16028149db347a3bce3537914f183b9-worker-31582ee36e0c-6:84:84 [7] NCCL INFO Rank 63 has color with NCCL_SPLIT_NOCOLOR, not creating a new commundt-c160dt-c16028149db347a3bce3537914f183b9-worker-31582ee36e0c-6:84:84 [7] NCCL INFO Rank 63 has color with NCCL_SPLIT_NOCOLOR, not creating a new commundt-c160dt-c16028149db347a3bce3537914f183b9-worker-31582ee36e0c-6:84:84 [7] NCCL INFO Rank 63 has color with NCCL_SPLIT_NOCOLOR, not creating a new commundt-c160dt-c16028149db347a3bce3537914f183b9-worker-31582ee36e0c-6:84:84 [7] NCCL INFO Rank 63 has color with NCCL_SPLIT_NOCOLOR, not creating a new commundt-c160dt-c16028149db347a3bce3537914f183b9-worker-31582ee36e0c-6:82:82 [5] NCCL INFO Rank 61 has color with NCCL_SPLIT_NOCOLOR, not creating a new commundt-c16028149db347a3bce3537914f183b9-worker-31582ee36e0c-6:80:80 [3] NCCL INFO Rank 59 has color with NCCL_SPLIT_NOCOLOR, not creating a new communicator
dt-c16028149db347a3bce3537914f183b9-worker-31582ee36e0c-6:79:79 [2] NCCL INFO Rank 58 has color with NCCL_SPLIT_NOCOLOR, not creating a new communicator
dt-c160dt-c16028149db347a3bce3537914f183b9-worker-31582ee36e0c-6:84:84 [7] NCCL INFO Rank 63 has color with NCCL_SPLIT_NOCOLOR, not creating a new commundt-c160dt-c16028149db347a3bce3537914f183b9-worker-31582ee36e0c-6:82:82 [5] NCCL INFO Rank 61 has color with NCCL_SPLIT_NOCOLOR, not creating a new commundt-c160dt-c16028149db347a3bce3537914f183b9-worker-31582ee36e0c-6:84:84 [7] NCCL INFO Rank 63 has color with NCCL_SPLIT_NOCOLOR, not creating a new commundt-c160dt-c16028149db347a3bce3537914f183b9-worker-31582ee36e0c-6:84:84 [7] NCCL INFO Rank 63 has color with NCCL_SPLIT_NOCOLOR, not creating a new commundt-c160dt-c16028149db347a3bce3537914f183b9-worker-31582ee36e0c-6:81:81 [4] NCCL INFO Rank 60 has color with NCCL_SPLIT_NOCOLOR, not creating a new commundt-c160dt-c16028149db347a3bce3537914f183b9-worker-31582ee36e0c-6:84:84 [7] NCCL INFO Rank 63 has color with NCCL_SPLIT_NOCOLOR, not creating a new commundt-c16028149db347a3bce3537914f183b9-worker-31582ee36e0c-6:79:79 [2] NCCL INFO Rank 58 has color with NCCL_SPLIT_NOCOLOR, not creating a new communicator
dt-c160dt-c16028149db347a3bce3537914f183b9-worker-31582ee36e0c-6:84:84 [7] NCCL INFO Rank 63 has color with NCCL_SPLIT_NOCOLOR, not creating a new commundt-c160dt-c16028149db347a3bce3537914f183b9-worker-31582ee36e0c-6:83:83 [6] NCCL INFO Rank 62 has color with NCCL_SPLIT_NOCOLOR, not creating a new commundt-c160dt-c16028149db347a3bce3537914f183b9-worker-31582ee36e0c-6:83:83 [6] NCCL INFO Rank 62 has color with NCCL_SPLIT_NOCOLOR, not creating a new commundt-c160dt-c16028149db347a3bce3537914f183b9-worker-31582ee36e0c-6:82:82 [5] NCCL INFO Rank 61 has color with NCCL_SPLIT_NOCOLOR, not creating a new commundt-c16028149db347a3bce3537914f183b9-worker-31582ee36e0c-6:77:77 [0] NCCL INFO Rank 56 has color with NCCL_SPLIT_NOCOLOR, not creating a new communicator
dt-c16028149db347a3bce3537914f183b9-worker-31582ee36e0c-6:78:78 [1] NCCL INFO Rank 57 has color with NCCL_SPLIT_NOCOLOR, not creating a new communicator
dt-c16028149db347a3bce3537914f183b9-worker-31582ee36e0c-6:79:79 [2] NCCL INFO Rank 58 has color with NCCL_SPLIT_NOCOLOR, not creating a new communicator
dt-c16028149db347a3bce3537914f183b9-worker-31582ee36e0c-6:80:80 [3] NCCL INFO Rank 59 has color with NCCL_SPLIT_NOCOLOR, not creating a new communicator
dt-c160dt-c16028149db347a3bce3537914f183b9-worker-31582ee36e0c-6:81:81 [4] NCCL INFO Rank 60 has color with NCCL_SPLIT_NOCOLOR, not creating a new commundt-c160dt-c16028149db347a3bce3537914f183b9-worker-31582ee36e0c-6:82:82 [5] NCCL INFO Rank 61 has color with NCCL_SPLIT_NOCOLOR, not creating a new commundt-c160dt-c16028149db347a3bce3537914f183b9-worker-31582ee36e0c-6:83:83 [6] NCCL INFO Rank 62 has color with NCCL_SPLIT_NOCOLOR, not creating a new commundt-c160dt-c16028149db347a3bce3537914f183b9-worker-31582ee36e0c-6:81:81 [4] NCCL INFO Rank 60 has color with NCCL_SPLIT_NOCOLOR, not creating a new commundt-c16028149db347a3bce3537914f183b9-worker-31582ee36e0c-6:80:80 [3] NCCL INFO Rank 59 has color with NCCL_SPLIT_NOCOLOR, not creating a new communicator
dt-c160dt-c16028149db347a3bce3537914f183b9-worker-31582ee36e0c-6:84:84 [7] NCCL INFO Rank 63 has color with NCCL_SPLIT_NOCOLOR, not creating a new commundt-c160dt-c16028149db347a3bce3537914f183b9-worker-31582ee36e0c-6:81:81 [4] NCCL INFO Rank 60 has color with NCCL_SPLIT_NOCOLOR, not creating a new commundt-c16028149db347a3bce3537914f183b9-worker-31582ee36e0c-6:78:78 [1] NCCL INFO Rank 57 has color with NCCL_SPLIT_NOCOLOR, not creating a new communicator
dt-c160dt-c16028149db347a3bce3537914f183b9-worker-31582ee36e0c-6:84:84 [7] NCCL INFO Rank 63 has color with NCCL_SPLIT_NOCOLOR, not creating a new commundt-c16028149db347a3bce3537914f183b9-worker-31582ee36e0c-6:77:77 [0] NCCL INFO Rank 56 has color with NCCL_SPLIT_NOCOLOR, not creating a new communicator
dt-c160dt-c16028149db347a3bce3537914f183b9-worker-31582ee36e0c-6:84:84 [7] NCCL INFO Rank 63 has color with NCCL_SPLIT_NOCOLOR, not creating a new commundt-c160dt-c16028149db347a3bce3537914f183b9-worker-31582ee36e0c-6:81:81 [4] NCCL INFO Rank 60 has color with NCCL_SPLIT_NOCOLOR, not creating a new commundt-c160dt-c16028149db347a3bce3537914f183b9-worker-31582ee36e0c-6:84:84 [7] NCCL INFO Rank 63 has color with NCCL_SPLIT_NOCOLOR, not creating a new commundt-c16028149db347a3bce3537914f183b9-worker-31582ee36e0c-6:80:80 [3] NCCL INFO Rank 59 has color with NCCL_SPLIT_NOCOLOR, not creating a new communicator
dt-c160dt-c16028149db347a3bce3537914f183b9-worker-31582ee36e0c-6:84:84 [7] NCCL INFO Rank 63 has color with NCCL_SPLIT_NOCOLOR, not creating a new commundt-c160dt-c16028149db347a3bce3537914f183b9-worker-31582ee36e0c-6:84:84 [7] NCCL INFO Rank 63 has color with NCCL_SPLIT_NOCOLOR, not creating a new commundt-c160dt-c16028149db347a3bce3537914f183b9-worker-31582ee36e0c-6:84:84 [7] NCCL INFO Rank 63 has color with NCCL_SPLIT_NOCOLOR, not creating a new commundt-c16028149db347a3bce3537914f183b9-worker-31582ee36e0c-6:80:80 [3] NCCL INFO Rank 59 has color with NCCL_SPLIT_NOCOLOR, not creating a new communicator
dt-c16028149db347a3bce3537914f183b9-worker-31582ee36e0c-6:80:80 [3] NCCL INFO Rank 59 has color with NCCL_SPLIT_NOCOLOR, not creating a new communicator
dt-c160dt-c16028149db347a3bce3537914f183b9-worker-31582ee36e0c-6:84:84 [7] NCCL INFO Rank 63 has color with NCCL_SPLIT_NOCOLOR, not creating a new commundt-c16028149db347a3bce3537914f183b9-worker-31582ee36e0c-6:79:79 [2] NCCL INFO Rank 58 has color with NCCL_SPLIT_NOCOLOR, not creating a new communicator
dt-c160dt-c16028149db347a3bce3537914f183b9-worker-31582ee36e0c-6:82:82 [5] NCCL INFO Rank 61 has color with NCCL_SPLIT_NOCOLOR, not creating a new commundt-c16028149db347a3bce3537914f183b9-worker-31582ee36e0c-6:80:80 [3] NCCL INFO Rank 59 has color with NCCL_SPLIT_NOCOLOR, not creating a new communicator
dt-c16028149db347a3bce3537914f183b9-worker-31582ee36e0c-6:80:80 [3] NCCL INFO Rank 59 has color with NCCL_SPLIT_NOCOLOR, not creating a new communicator
dt-c160dt-c16028149db347a3bce3537914f183b9-worker-31582ee36e0c-6:83:83 [6] NCCL INFO Rank 62 has color with NCCL_SPLIT_NOCOLOR, not creating a new commundt-c16028149db347a3bce3537914f183b9-worker-31582ee36e0c-6:79:79 [2] NCCL INFO Rank 58 has color with NCCL_SPLIT_NOCOLOR, not creating a new communicator
dt-c16028149db347a3bce3537914f183b9-worker-31582ee36e0c-6:77:77 [0] NCCL INFO Rank 56 has color with NCCL_SPLIT_NOCOLOR, not creating a new communicator
dt-c160dt-c16028149db347a3bce3537914f183b9-worker-31582ee36e0c-6:84:84 [7] NCCL INFO Rank 63 has color with NCCL_SPLIT_NOCOLOR, not creating a new commundt-c16028149db347a3bce3537914f183b9-worker-31582ee36e0c-6:80:80 [3] NCCL INFO Rank 59 has color with NCCL_SPLIT_NOCOLOR, not creating a new communicator
dt-c160dt-c16028149db347a3bce3537914f183b9-worker-31582ee36e0c-6:84:84 [7] NCCL INFO Rank 63 has color with NCCL_SPLIT_NOCOLOR, not creating a new commundt-c16028149db347a3bce3537914f183b9-worker-31582ee36e0c-6:79:79 [2] NCCL INFO Rank 58 has color with NCCL_SPLIT_NOCOLOR, not creating a new communicator
dt-c16028149db347a3bce3537914f183b9-worker-31582ee36e0c-6:78:78 [1] NCCL INFO Rank 57 has color with NCCL_SPLIT_NOCOLOR, not creating a new communicator
dt-c16028149db347a3bce3537914f183b9-worker-31582ee36e0c-6:79:79 [2] NCCL INFO Rank 58 has color with NCCL_SPLIT_NOCOLOR, not creating a new communicator
dt-c16028149db347a3bce3537914f183b9-worker-31582ee36e0c-6:77:77 [0] NCCL INFO Rank 56 has color with NCCL_SPLIT_NOCOLOR, not creating a new communicator
dt-c160dt-c16028149db347a3bce3537914f183b9-worker-31582ee36e0c-6:84:84 [7] NCCL INFO Rank 63 has color with NCCL_SPLIT_NOCOLOR, not creating a new commundt-c160dt-c16028149db347a3bce3537914f183b9-worker-31582ee36e0c-6:84:84 [7] NCCL INFO Rank 63 has color with NCCL_SPLIT_NOCOLOR, not creating a new commundt-c16028149db347a3bce3537914f183b9-worker-31582ee36e0c-6:80:80 [3] NCCL INFO Rank 59 has color with NCCL_SPLIT_NOCOLOR, not creating a new communicator
dt-c160dt-c16028149db347a3bce3537914f183b9-worker-31582ee36e0c-6:84:84 [7] NCCL INFO Rank 63 has color with NCCL_SPLIT_NOCOLOR, not creating a new commundt-c16028149db347a3bce3537914f183b9-worker-31582ee36e0c-6:78:78 [1] NCCL INFO Rank 57 has color with NCCL_SPLIT_NOCOLOR, not creating a new communicator
dt-c160dt-c16028149db347a3bce3537914f183b9-worker-31582ee36e0c-6:84:84 [7] NCCL INFO Rank 63 has color with NCCL_SPLIT_NOCOLOR, not creating a new commundt-c16028149db347a3bce3537914f183b9-worker-31582ee36e0c-6:78:78 [1] NCCL INFO Rank 57 has color with NCCL_SPLIT_NOCOLOR, not creating a new communicator
dt-c160dt-c16028149db347a3bce3537914f183b9-worker-31582ee36e0c-6:84:84 [7] NCCL INFO Rank 63 has color with NCCL_SPLIT_NOCOLOR, not creating a new commundt-c16028149db347a3bce3537914f183b9-worker-31582ee36e0c-6:77:77 [0] NCCL INFO Rank 56 has color with NCCL_SPLIT_NOCOLOR, not creating a new communicator
dt-c160dt-c16028149db347a3bce3537914f183b9-worker-31582ee36e0c-6:84:84 [7] NCCL INFO Rank 63 has color with NCCL_SPLIT_NOCOLOR, not creating a new commundt-c16028149db347a3bce3537914f183b9-worker-31582ee36e0c-6:79:79 [2] NCCL INFO Rank 58 has color with NCCL_SPLIT_NOCOLOR, not creating a new communicator
dt-c160dt-c16028149db347a3bce3537914f183b9-worker-31582ee36e0c-6:83:83 [6] NCCL INFO Rank 62 has color with NCCL_SPLIT_NOCOLOR, not creating a new commundt-c160dt-c16028149db347a3bce3537914f183b9-worker-31582ee36e0c-6:83:83 [6] NCCL INFO Rank 62 has color with NCCL_SPLIT_NOCOLOR, not creating a new commundt-c160dt-c16028149db347a3bce3537914f183b9-worker-31582ee36e0c-6:84:84 [7] NCCL INFO Rank 63 has color with NCCL_SPLIT_NOCOLOR, not creating a new commundt-c160dt-c16028149db347a3bce3537914f183b9-worker-31582ee36e0c-6:84:84 [7] NCCL INFO Rank 63 has color with NCCL_SPLIT_NOCOLOR, not creating a new commundt-c16028149db347a3bce3537914f183b9-worker-31582ee36e0c-6:77:77 [0] NCCL INFO Rank 56 has color with NCCL_SPLIT_NOCOLOR, not creating a new communicator
dt-c160dt-c16028149db347a3bce3537914f183b9-worker-31582ee36e0c-6:81:81 [4] NCCL INFO Rank 60 has color with NCCL_SPLIT_NOCOLOR, not creating a new commundt-c160dt-c16028149db347a3bce3537914f183b9-worker-31582ee36e0c-6:84:84 [7] NCCL INFO Rank 63 has color with NCCL_SPLIT_NOCOLOR, not creating a new commundt-c160dt-c16028149db347a3bce3537914f183b9-worker-31582ee36e0c-6:81:81 [4] NCCL INFO Rank 60 has color with NCCL_SPLIT_NOCOLOR, not creating a new commundt-c160dt-c16028149db347a3bce3537914f183b9-worker-31582ee36e0c-6:84:84 [7] NCCL INFO Rank 63 has color with NCCL_SPLIT_NOCOLOR, not creating a new commundt-c160dt-c16028149db347a3bce3537914f183b9-worker-31582ee36e0c-6:84:84 [7] NCCL INFO Rank 63 has color with NCCL_SPLIT_NOCOLOR, not creating a new commundt-c16028149db347a3bce3537914f183b9-worker-31582ee36e0c-6:78:78 [1] NCCL INFO Rank 57 has color with NCCL_SPLIT_NOCOLOR, not creating a new communicator
dt-c160dt-c16028149db347a3bce3537914f183b9-worker-31582ee36e0c-6:84:84 [7] NCCL INFO Rank 63 has color with NCCL_SPLIT_NOCOLOR, not creating a new commundt-c16028149db347a3bce3537914f183b9-worker-31582ee36e0c-6:79:79 [2] NCCL INFO Rank 58 has color with NCCL_SPLIT_NOCOLOR, not creating a new communicator
dt-c160dt-c16028149db347a3bce3537914f183b9-worker-31582ee36e0c-6:84:84 [7] NCCL INFO Rank 63 has color with NCCL_SPLIT_NOCOLOR, not creating a new commundt-c160dt-c16028149db347a3bce3537914f183b9-worker-31582ee36e0c-6:83:83 [6] NCCL INFO Rank 62 has color with NCCL_SPLIT_NOCOLOR, not creating a new commundt-c16028149db347a3bce3537914f183b9-worker-31582ee36e0c-6:77:77 [0] NCCL INFO Rank 56 has color with NCCL_SPLIT_NOCOLOR, not creating a new communicator
dt-c160dt-c16028149db347a3bce3537914f183b9-worker-31582ee36e0c-6:84:84 [7] NCCL INFO Rank 63 has color with NCCL_SPLIT_NOCOLOR, not creating a new commundt-c160dt-c16028149db347a3bce3537914f183b9-worker-31582ee36e0c-6:81:81 [4] NCCL INFO Rank 60 has color with NCCL_SPLIT_NOCOLOR, not creating a new commundt-c160dt-c16028149db347a3bce3537914f183b9-worker-31582ee36e0c-6:84:84 [7] NCCL INFO Rank 63 has color with NCCL_SPLIT_NOCOLOR, not creating a new commundt-c160dt-c16028149db347a3bce3537914f183b9-worker-31582ee36e0c-6:83:83 [6] NCCL INFO Rank 62 has color with NCCL_SPLIT_NOCOLOR, not creating a new commundt-c16028149db347a3bce3537914f183b9-worker-31582ee36e0c-6:77:77 [0] NCCL INFO Rank 56 has color with NCCL_SPLIT_NOCOLOR, not creating a new communicator
dt-c160dt-c16028149db347a3bce3537914f183b9-worker-31582ee36e0c-6:84:84 [7] NCCL INFO Rank 63 has color with NCCL_SPLIT_NOCOLOR, not creating a new commundt-c160dt-c16028149db347a3bce3537914f183b9-worker-31582ee36e0c-6:82:82 [5] NCCL INFO Rank 61 has color with NCCL_SPLIT_NOCOLOR, not creating a new commundt-c16028149db347a3bce3537914f183b9-worker-31582ee36e0c-6:77:77 [0] NCCL INFO Rank 56 has color with NCCL_SPLIT_NOCOLOR, not creating a new communicator
dt-c16028149db347a3bce3537914f183b9-worker-31582ee36e0c-6:78:78 [1] NCCL INFO Rank 57 has color with NCCL_SPLIT_NOCOLOR, not creating a new communicator
dt-c16028149db347a3bce3537914f183b9-worker-31582ee36e0c-6:77:77 [0] NCCL INFO Rank 56 has color with NCCL_SPLIT_NOCOLOR, not creating a new communicator
dt-c160dt-c16028149db347a3bce3537914f183b9-worker-31582ee36e0c-6:84:84 [7] NCCL INFO Rank 63 has color with NCCL_SPLIT_NOCOLOR, not creating a new commundt-c160dt-c16028149db347a3bce3537914f183b9-worker-31582ee36e0c-6:83:83 [6] NCCL INFO Rank 62 has color with NCCL_SPLIT_NOCOLOR, not creating a new commundt-c160dt-c16028149db347a3bce3537914f183b9-worker-31582ee36e0c-6:84:84 [7] NCCL INFO Rank 63 has color with NCCL_SPLIT_NOCOLOR, not creating a new commundt-c16028149db347a3bce3537914f183b9-worker-31582ee36e0c-6:77:77 [0] NCCL INFO Rank 56 has color with NCCL_SPLIT_NOCOLOR, not creating a new communicator
dt-c160dt-c16028149db347a3bce3537914f183b9-worker-31582ee36e0c-6:84:84 [7] NCCL INFO Rank 63 has color with NCCL_SPLIT_NOCOLOR, not creating a new commundt-c160dt-c16028149db347a3bce3537914f183b9-worker-31582ee36e0c-6:84:84 [7] NCCL INFO Rank 63 has color with NCCL_SPLIT_NOCOLOR, not creating a new commundt-c160dt-c16028149db347a3bce3537914f183b9-worker-31582ee36e0c-6:84:84 [7] NCCL INFO Rank 63 has color with NCCL_SPLIT_NOCOLOR, not creating a new commundt-c16028149db347a3bce3537914f183b9-worker-31582ee36e0c-6:78:78 [1] NCCL INFO Rank 57 has color with NCCL_SPLIT_NOCOLOR, not creating a new communicator
dt-c160dt-c16028149db347a3bce3537914f183b9-worker-31582ee36e0c-6:83:83 [6] NCCL INFO Rank 62 has color with NCCL_SPLIT_NOCOLOR, not creating a new commundt-c160dt-c16028149db347a3bce3537914f183b9-worker-31582ee36e0c-6:84:84 [7] NCCL INFO Rank 63 has color with NCCL_SPLIT_NOCOLOR, not creating a new commundt-c16028149db347a3bce3537914f183b9-worker-31582ee36e0c-6:79:79 [2] NCCL INFO Rank 58 has color with NCCL_SPLIT_NOCOLOR, not creating a new communicator
dt-c160dt-c16028149db347a3bce3537914f183b9-worker-31582ee36e0c-6:84:84 [7] NCCL INFO Rank 63 has color with NCCL_SPLIT_NOCOLOR, not creating a new commundt-c160dt-c16028149db347a3bce3537914f183b9-worker-31582ee36e0c-6:83:83 [6] NCCL INFO Rank 62 has color with NCCL_SPLIT_NOCOLOR, not creating a new commundt-c160dt-c16028149db347a3bce3537914f183b9-worker-31582ee36e0c-6:84:84 [7] NCCL INFO Rank 63 has color with NCCL_SPLIT_NOCOLOR, not creating a new commundt-c160dt-c16028149db347a3bce3537914f183b9-worker-31582ee36e0c-6:82:82 [5] NCCL INFO Rank 61 has color with NCCL_SPLIT_NOCOLOR, not creating a new commundt-c160dt-c16028149db347a3bce3537914f183b9-worker-31582ee36e0c-6:84:84 [7] NCCL INFO Rank 63 has color with NCCL_SPLIT_NOCOLOR, not creating a new commundt-c16028149db347a3bce3537914f183b9-worker-31582ee36e0c-6:77:77 [0] NCCL INFO Rank 56 has color with NCCL_SPLIT_NOCOLOR, not creating a new communicator
dt-c160dt-c16028149db347a3bce3537914f183b9-worker-31582ee36e0c-6:81:81 [4] NCCL INFO Rank 60 has color with NCCL_SPLIT_NOCOLOR, not creating a new commundt-c160dt-c16028149db347a3bce3537914f183b9-worker-31582ee36e0c-6:84:84 [7] NCCL INFO Rank 63 has color with NCCL_SPLIT_NOCOLOR, not creating a new commundt-c16028149db347a3bce3537914f183b9-worker-31582ee36e0c-6:77:77 [0] NCCL INFO Rank 56 has color with NCCL_SPLIT_NOCOLOR, not creating a new communicator
dt-c160dt-c16028149db347a3bce3537914f183b9-worker-31582ee36e0c-6:84:84 [7] NCCL INFO Rank 63 has color with NCCL_SPLIT_NOCOLOR, not creating a new commundt-c16028149db347a3bce3537914f183b9-worker-31582ee36e0c-6:79:79 [2] NCCL INFO Rank 58 has color with NCCL_SPLIT_NOCOLOR, not creating a new communicator
dt-c160dt-c16028149db347a3bce3537914f183b9-worker-31582ee36e0c-6:84:84 [7] NCCL INFO Rank 63 has color with NCCL_SPLIT_NOCOLOR, not creating a new commundt-c160dt-c16028149db347a3bce3537914f183b9-worker-31582ee36e0c-6:81:81 [4] NCCL INFO Rank 60 has color with NCCL_SPLIT_NOCOLOR, not creating a new commundt-c160dt-c16028149db347a3bce3537914f183b9-worker-31582ee36e0c-6:82:82 [5] NCCL INFO Rank 61 has color with NCCL_SPLIT_NOCOLOR, not creating a new commundt-c160dt-c16028149db347a3bce3537914f183b9-worker-31582ee36e0c-6:83:83 [6] NCCL INFO Rank 62 has color with NCCL_SPLIT_NOCOLOR, not creating a new commundt-c16028149db347a3bce3537914f183b9-worker-31582ee36e0c-6:77:77 [0] NCCL INFO Rank 56 has color with NCCL_SPLIT_NOCOLOR, not creating a new communicator
dt-c160dt-c16028149db347a3bce3537914f183b9-worker-31582ee36e0c-6:84:84 [7] NCCL INFO Rank 63 has color with NCCL_SPLIT_NOCOLOR, not creating a new commundt-c160dt-c16028149db347a3bce3537914f183b9-worker-31582ee36e0c-6:84:84 [7] NCCL INFO Rank 63 has color with NCCL_SPLIT_NOCOLOR, not creating a new commundt-c160dt-c16028149db347a3bce3537914f183b9-worker-31582ee36e0c-6:84:84 [7] NCCL INFO Rank 63 has color with NCCL_SPLIT_NOCOLOR, not creating a new commundt-c16028149db347a3bce3537914f183b9-worker-31582ee36e0c-6:77:77 [0] NCCL INFO Rank 56 has color with NCCL_SPLIT_NOCOLOR, not creating a new communicator
dt-c16028149db347a3bce3537914f183b9-worker-31582ee36e0c-6:79:79 [2] NCCL INFO Rank 58 has color with NCCL_SPLIT_NOCOLOR, not creating a new communicator
dt-c16028149db347a3bce3537914f183b9-worker-31582ee36e0c-6:79:79 [2] NCCL INFO Rank 58 has color with NCCL_SPLIT_NOCOLOR, not creating a new communicator
dt-c160dt-c16028149db347a3bce3537914f183b9-worker-31582ee36e0c-6:84:84 [7] NCCL INFO Rank 63 has color with NCCL_SPLIT_NOCOLOR, not creating a new commundt-c160dt-c16028149db347a3bce3537914f183b9-worker-31582ee36e0c-6:84:84 [7] NCCL INFO Rank 63 has color with NCCL_SPLIT_NOCOLOR, not creating a new commundt-c160dt-c16028149db347a3bce3537914f183b9-worker-31582ee36e0c-6:81:81 [4] NCCL INFO Rank 60 has color with NCCL_SPLIT_NOCOLOR, not creating a new commundt-c160dt-c16028149db347a3bce3537914f183b9-worker-31582ee36e0c-6:84:84 [7] NCCL INFO Rank 63 has color with NCCL_SPLIT_NOCOLOR, not creating a new commundt-c16028149db347a3bce3537914f183b9-worker-31582ee36e0c-6:80:80 [3] NCCL INFO Rank 59 has color with NCCL_SPLIT_NOCOLOR, not creating a new communicator
dt-c160dt-c16028149db347a3bce3537914f183b9-worker-31582ee36e0c-6:84:84 [7] NCCL INFO Rank 63 has color with NCCL_SPLIT_NOCOLOR, not creating a new commundt-c16028149db347a3bce3537914f183b9-worker-31582ee36e0c-6:77:77 [0] NCCL INFO Rank 56 has color with NCCL_SPLIT_NOCOLOR, not creating a new communicator
dt-c16028149db347a3bce3537914f183b9-worker-31582ee36e0c-6:79:79 [2] NCCL INFO Rank 58 has color with NCCL_SPLIT_NOCOLOR, not creating a new communicator
dt-c160dt-c16028149db347a3bce3537914f183b9-worker-31582ee36e0c-6:81:81 [4] NCCL INFO Rank 60 has color with NCCL_SPLIT_NOCOLOR, not creating a new commundt-c16028149db347a3bce3537914f183b9-worker-31582ee36e0c-6:79:79 [2] NCCL INFO Rank 58 has color with NCCL_SPLIT_NOCOLOR, not creating a new communicator
dt-c16028149db347a3bce3537914f183b9-worker-31582ee36e0c-6:77:77 [0] NCCL INFO Rank 56 has color with NCCL_SPLIT_NOCOLOR, not creating a new communicator
dt-c160dt-c16028149db347a3bce3537914f183b9-worker-31582ee36e0c-6:84:84 [7] NCCL INFO Rank 63 has color with NCCL_SPLIT_NOCOLOR, not creating a new commundt-c16028149db347a3bce3537914f183b9-worker-31582ee36e0c-6:78:78 [1] NCCL INFO Rank 57 has color with NCCL_SPLIT_NOCOLOR, not creating a new communicator
dt-c160dt-c16028149db347a3bce3537914f183b9-worker-31582ee36e0c-6:82:82 [5] NCCL INFO Rank 61 has color with NCCL_SPLIT_NOCOLOR, not creating a new commundt-c160dt-c16028149db347a3bce3537914f183b9-worker-31582ee36e0c-6:84:84 [7] NCCL INFO Rank 63 has color with NCCL_SPLIT_NOCOLOR, not creating a new commundt-c16028149db347a3bce3537914f183b9-worker-31582ee36e0c-6:78:78 [1] NCCL INFO Rank 57 has color with NCCL_SPLIT_NOCOLOR, not creating a new communicator
dt-c160dt-c16028149db347a3bce3537914f183b9-worker-31582ee36e0c-6:84:84 [7] NCCL INFO Rank 63 has color with NCCL_SPLIT_NOCOLOR, not creating a new commundt-c16028149db347a3bce3537914f183b9-worker-31582ee36e0c-6:80:80 [3] NCCL INFO Rank 59 has color with NCCL_SPLIT_NOCOLOR, not creating a new communicator
dt-c16028149db347a3bce3537914f183b9-worker-31582ee36e0c-6:80:80 [3] NCCL INFO Rank 59 has color with NCCL_SPLIT_NOCOLOR, not creating a new communicator
dt-c160dt-c16028149db347a3bce3537914f183b9-worker-31582ee36e0c-6:84:84 [7] NCCL INFO Rank 63 has color with NCCL_SPLIT_NOCOLOR, not creating a new commundt-c16028149db347a3bce3537914f183b9-worker-31582ee36e0c-6:80:80 [3] NCCL INFO Rank 59 has color with NCCL_SPLIT_NOCOLOR, not creating a new communicator
dt-c16028149db347a3bce3537914f183b9-worker-31582ee36e0c-6:79:79 [2] NCCL INFO Rank 58 has color with NCCL_SPLIT_NOCOLOR, not creating a new communicator
dt-c160dt-c16028149db347a3bce3537914f183b9-worker-31582ee36e0c-6:84:84 [7] NCCL INFO Rank 63 has color with NCCL_SPLIT_NOCOLOR, not creating a new commundt-c16028149db347a3bce3537914f183b9-worker-31582ee36e0c-6:80:80 [3] NCCL INFO Rank 59 has color with NCCL_SPLIT_NOCOLOR, not creating a new communicator
dt-c16028149db347a3bce3537914f183b9-worker-31582ee36e0c-6:77:77 [0] NCCL INFO Rank 56 has color with NCCL_SPLIT_NOCOLOR, not creating a new communicator
dt-c160dt-c16028149db347a3bce3537914f183b9-worker-31582ee36e0c-6:82:82 [5] NCCL INFO Rank 61 has color with NCCL_SPLIT_NOCOLOR, not creating a new commundt-c16028149db347a3bce3537914f183b9-worker-31582ee36e0c-6:80:80 [3] NCCL INFO Rank 59 has color with NCCL_SPLIT_NOCOLOR, not creating a new communicator
dt-c160dt-c16028149db347a3bce3537914f183b9-worker-31582ee36e0c-6:84:84 [7] NCCL INFO Rank 63 has color with NCCL_SPLIT_NOCOLOR, not creating a new commundt-c16028149db347a3bce3537914f183b9-worker-31582ee36e0c-6:79:79 [2] NCCL INFO Rank 58 has color with NCCL_SPLIT_NOCOLOR, not creating a new communicator
dt-c16028149db347a3bce3537914f183b9-worker-31582ee36e0c-6:79:79 [2] NCCL INFO Rank 58 has color with NCCL_SPLIT_NOCOLOR, not creating a new communicator
dt-c16028149db347a3bce3537914f183b9-worker-31582ee36e0c-6:80:80 [3] NCCL INFO Rank 59 has color with NCCL_SPLIT_NOCOLOR, not creating a new communicator
dt-c16028149db347a3bce3537914f183b9-worker-31582ee36e0c-6:77:77 [0] NCCL INFO Rank 56 has color with NCCL_SPLIT_NOCOLOR, not creating a new communicator
dt-c160dt-c16028149db347a3bce3537914f183b9-worker-31582ee36e0c-6:84:84 [7] NCCL INFO Rank 63 has color with NCCL_SPLIT_NOCOLOR, not creating a new commundt-c16028149db347a3bce3537914f183b9-worker-31582ee36e0c-6:77:77 [0] NCCL INFO Rank 56 has color with NCCL_SPLIT_NOCOLOR, not creating a new communicator
dt-c160dt-c16028149db347a3bce3537914f183b9-worker-31582ee36e0c-6:84:84 [7] NCCL INFO Rank 63 has color with NCCL_SPLIT_NOCOLOR, not creating a new commundt-c160dt-c16028149db347a3bce3537914f183b9-worker-31582ee36e0c-6:84:84 [7] NCCL INFO Rank 63 has color with NCCL_SPLIT_NOCOLOR, not creating a new commundt-c160dt-c16028149db347a3bce3537914f183b9-worker-31582ee36e0c-6:83:83 [6] NCCL INFO Rank 62 has color with NCCL_SPLIT_NOCOLOR, not creating a new commundt-c160dt-c16028149db347a3bce3537914f183b9-worker-31582ee36e0c-6:84:84 [7] NCCL INFO Rank 63 has color with NCCL_SPLIT_NOCOLOR, not creating a new commundt-c160dt-c16028149db347a3bce3537914f183b9-worker-31582ee36e0c-6:83:83 [6] NCCL INFO Rank 62 has color with NCCL_SPLIT_NOCOLOR, not creating a new commundt-c160dt-c16028149db347a3bce3537914f183b9-worker-31582ee36e0c-6:81:81 [4] NCCL INFO Rank 60 has color with NCCL_SPLIT_NOCOLOR, not creating a new commundt-c160dt-c16028149db347a3bce3537914f183b9-worker-31582ee36e0c-6:84:84 [7] NCCL INFO Rank 63 has color with NCCL_SPLIT_NOCOLOR, not creating a new commundt-c160dt-c16028149db347a3bce3537914f183b9-worker-31582ee36e0c-6:83:83 [6] NCCL INFO Rank 62 has color with NCCL_SPLIT_NOCOLOR, not creating a new commundt-c16028149db347a3bce3537914f183b9-worker-31582ee36e0c-6:78:78 [1] NCCL INFO Rank 57 has color with NCCL_SPLIT_NOCOLOR, not creating a new communicator
